Bcb1\DelBcb1.mak
Bcb1\IcsBcb1.bat
Bcb1\IcsBcb1.mak
Cpp\Internet\Bcb3\Bcb30Sam.bpg
Cpp\Internet\Bcb4\Bcb40Sam.bpg
Cpp\Internet\Bcb5\Bcb50Sam.bpg
Cpp\Internet\Bcb6\Bcb60Sam.bpg
Cpp\Internet\SrvDemo1.cpp    
Cpp\Internet\SrvDemo1.dfm
Cpp\Internet\SrvDemo1.h 
Cpp\Internet\SrvDemo2.cpp    
Cpp\Internet\SrvDemo2.dfm
Cpp\Internet\SrvDemo2.h 
Cpp\Internet\Bcb1\SrvDemo.cpp
Cpp\Internet\Bcb1\SrvDemo.mak 
Cpp\Internet\Bcb1\SrvDemo.res
Cpp\Internet\Bcb3\SrvDemo.cpp
Cpp\Internet\Bcb3\SrvDemo.bpr
Cpp\Internet\Bcb4\SrvDemo.cpp
Cpp\Internet\Bcb4\SrvDemo.bpr
Cpp\Internet\Bcb5\SrvDemo.cpp
Cpp\Internet\Bcb5\SrvDemo.bpr
Cpp\Internet\Bcb6\SrvDemo.cpp
Cpp\Internet\Bcb6\SrvDemo.bpr
Cpp\Internet\CliDemo1.cpp    
Cpp\Internet\CliDemo1.dfm
Cpp\Internet\CliDemo1.h 
Cpp\Internet\Bcb1\CliDemo.cpp
Cpp\Internet\Bcb1\CliDemo.mak 
Cpp\Internet\Bcb1\CliDemo.res
Cpp\Internet\Bcb3\CliDemo.cpp
Cpp\Internet\Bcb3\CliDemo.bpr
Cpp\Internet\Bcb4\CliDemo.cpp
Cpp\Internet\Bcb4\CliDemo.bpr
Cpp\Internet\Bcb5\CliDemo.cpp
Cpp\Internet\Bcb5\CliDemo.bpr
Cpp\Internet\Bcb6\CliDemo.cpp
Cpp\Internet\Bcb6\CliDemo.bpr
Cpp\Internet\Bcb1\Clients.dbf
Cpp\Internet\Bcb1\Clients.mdx 
Cpp\Internet\Bcb3\Clients.dbf
Cpp\Internet\Bcb3\Clients.mdx 
Cpp\Internet\Bcb4\Clients.dbf
Cpp\Internet\Bcb4\Clients.mdx 
Cpp\Internet\Bcb5\Clients.dbf
Cpp\Internet\Bcb5\Clients.mdx 
Cpp\Internet\Bcb6\Clients.dbf
Cpp\Internet\Bcb6\Clients.mdx 
Cpp\Internet\TcpSrv1.cpp    
Cpp\Internet\TcpSrv1.dfm
Cpp\Internet\TcpSrv1.h 
Cpp\Internet\Bcb1\TcpSrv.cpp
Cpp\Internet\Bcb1\TcpSrv.mak 
Cpp\Internet\Bcb1\TcpSrv.res
Cpp\Internet\Bcb3\TcpSrv.cpp
Cpp\Internet\Bcb3\TcpSrv.bpr
Cpp\Internet\Bcb4\TcpSrv.cpp
Cpp\Internet\Bcb4\TcpSrv.bpr
Cpp\Internet\Bcb5\TcpSrv.cpp
Cpp\Internet\Bcb5\TcpSrv.bpr
Cpp\Internet\Bcb6\TcpSrv.cpp
Cpp\Internet\Bcb6\TcpSrv.bpr
Cpp\Internet\Cli5.cpp    
Cpp\Internet\Cli5.dfm
Cpp\Internet\Cli5.h 
Cpp\Internet\Bcb1\Client5.cpp
Cpp\Internet\Bcb1\Client5.mak 
Cpp\Internet\Bcb1\Client5.res
Cpp\Internet\Bcb3\Client5.cpp
Cpp\Internet\Bcb3\Client5.bpr
Cpp\Internet\Bcb4\Client5.cpp
Cpp\Internet\Bcb4\Client5.bpr
Cpp\Internet\Bcb5\Client5.cpp
Cpp\Internet\Bcb5\Client5.bpr
Cpp\Internet\Bcb6\Client5.cpp
Cpp\Internet\Bcb6\Client5.bpr
Cpp\Internet\Cli7.cpp    
Cpp\Internet\Cli7.dfm
Cpp\Internet\Cli7.h 
Cpp\Internet\Bcb1\Client7.cpp
Cpp\Internet\Bcb1\Client7.mak 
Cpp\Internet\Bcb1\Client7.res
Cpp\Internet\Bcb3\Client7.cpp
Cpp\Internet\Bcb3\Client7.bpr
Cpp\Internet\Bcb4\Client7.cpp
Cpp\Internet\Bcb4\Client7.bpr
Cpp\Internet\Bcb5\Client7.cpp
Cpp\Internet\Bcb5\Client7.bpr
Cpp\Internet\Bcb6\Client7.cpp
Cpp\Internet\Bcb6\Client7.bpr
Cpp\Internet\Bcb1\ConCli1.mak
Cpp\Internet\Bcb1\ConCli1.cpp
Cpp\Internet\Bcb3\ConCli1.bpr
Cpp\Internet\Bcb3\ConCli1.cpp
Cpp\Internet\Bcb4\ConCli1.bpr
Cpp\Internet\Bcb4\ConCli1.cpp
Cpp\Internet\Bcb5\ConCli1.bpr
Cpp\Internet\Bcb5\ConCli1.cpp
Cpp\Internet\Bcb6\ConCli1.bpr
Cpp\Internet\Bcb6\ConCli1.cpp
Cpp\Internet\Bcb1\ConCli2.mak
Cpp\Internet\Bcb1\ConCli2.cpp
Cpp\Internet\Bcb3\ConCli2.bpr
Cpp\Internet\Bcb3\ConCli2.cpp
Cpp\Internet\Bcb4\ConCli2.bpr
Cpp\Internet\Bcb4\ConCli2.cpp
Cpp\Internet\Bcb5\ConCli2.bpr
Cpp\Internet\Bcb5\ConCli2.cpp
Cpp\Internet\Bcb6\ConCli2.bpr
Cpp\Internet\Bcb6\ConCli2.cpp
Cpp\Internet\Bcb1\Finger.mak
Cpp\Internet\Bcb1\Finger.cpp
Cpp\Internet\Bcb1\Finger.res
Cpp\Internet\Bcb3\Finger.bpr
Cpp\Internet\Bcb3\Finger.cpp
Cpp\Internet\Bcb4\Finger.bpr
Cpp\Internet\Bcb4\Finger.cpp
Cpp\Internet\Bcb5\Finger.bpr
Cpp\Internet\Bcb5\Finger.cpp
Cpp\Internet\Bcb6\Finger.bpr
Cpp\Internet\Bcb6\Finger.cpp
Cpp\Internet\Finger1.cpp
Cpp\Internet\Finger1.dfm
Cpp\Internet\Finger1.h
Cpp\Internet\FormPos.cpp  
Cpp\Internet\FormPos.h
Cpp\Internet\Bcb1\FtpTst.cpp
Cpp\Internet\Bcb1\FtpTst.mak  
Cpp\Internet\Bcb1\FtpTst.res
Cpp\Internet\Bcb3\FtpTst.cpp
Cpp\Internet\Bcb3\FtpTst.bpr
Cpp\Internet\Bcb4\FtpTst.cpp
Cpp\Internet\Bcb4\FtpTst.bpr
Cpp\Internet\Bcb5\FtpTst.cpp
Cpp\Internet\Bcb5\FtpTst.bpr
Cpp\Internet\Bcb6\FtpTst.cpp
Cpp\Internet\Bcb6\FtpTst.bpr
Cpp\Internet\FtpTst1.cpp 
Cpp\Internet\FtpTst1.dfm
Cpp\Internet\FtpTst1.h
Cpp\Internet\FtpTst2.cpp 
Cpp\Internet\FtpTst2.dfm 
Cpp\Internet\FtpTst2.h
Cpp\Internet\FtpSrv1.cpp
Cpp\Internet\FtpSrv1.dfm
Cpp\Internet\FtpSrv1.h
Cpp\Internet\Bcb1\FtpServ.cpp
Cpp\Internet\Bcb1\FtpServ.mak  
Cpp\Internet\Bcb1\FtpServ.res
Cpp\Internet\Bcb3\FtpServ.cpp
Cpp\Internet\Bcb3\FtpServ.bpr
Cpp\Internet\Bcb4\FtpServ.cpp
Cpp\Internet\Bcb4\FtpServ.bpr
Cpp\Internet\Bcb5\FtpServ.cpp
Cpp\Internet\Bcb5\FtpServ.bpr
Cpp\Internet\Bcb5\IcsDll1.bpf
Cpp\Internet\Bcb5\IcsDll1.bpr
Cpp\Internet\Bcb5\IcsDll1.cpp
Cpp\Internet\Bcb6\FtpServ.cpp
Cpp\Internet\Bcb6\FtpServ.bpr
Cpp\Internet\Bcb6\IcsDll1.bpf
Cpp\Internet\Bcb6\IcsDll1.bpr
Cpp\Internet\Bcb6\IcsDll1.cpp
Cpp\Internet\DllTst1.cpp
Cpp\Internet\DllTst1.dfm
Cpp\Internet\DllTst1.h
Cpp\Internet\Bcb5\DllTst1.bpr
Cpp\Internet\Bcb5\DllTst1.cpp
Cpp\Internet\Bcb6\DllTst1.bpr
Cpp\Internet\Bcb6\DllTst1.cpp
Cpp\Internet\Bcb3\NsLookup.bpr
Cpp\Internet\Bcb3\NsLookup.cpp
Cpp\Internet\Bcb4\NsLookup.bpr
Cpp\Internet\Bcb4\NsLookup.cpp
Cpp\Internet\Bcb5\NsLookup.bpr
Cpp\Internet\Bcb5\NsLookup.cpp
Cpp\Internet\Bcb6\NsLookup.bpr
Cpp\Internet\Bcb6\NsLookup.cpp
Cpp\Internet\NsLook1.cpp
Cpp\Internet\NsLook1.dfm
Cpp\Internet\NsLook1.h
Cpp\Internet\Bcb1\HttpTst.cpp
Cpp\Internet\Bcb1\HttpTst.mak
Cpp\Internet\Bcb1\HttpTst.res
Cpp\Internet\Bcb3\HttpTst.cpp
Cpp\Internet\Bcb3\HttpTst.bpr
Cpp\Internet\Bcb4\HttpTst.cpp
Cpp\Internet\Bcb4\HttpTst.bpr
Cpp\Internet\Bcb5\HttpTst.cpp
Cpp\Internet\Bcb5\HttpTst.bpr
Cpp\Internet\Bcb6\HttpTst.cpp
Cpp\Internet\Bcb6\HttpTst.bpr
Cpp\Internet\HttpTst1.dfm
Cpp\Internet\HttpTst1.cpp
Cpp\Internet\HttpTst1.h
Cpp\Internet\Bcb1\HttpPg.mak 
Cpp\Internet\Bcb1\HttpPg.cpp
Cpp\Internet\Bcb1\HttpPg.res
Cpp\Internet\Bcb3\HttpPg.bpr
Cpp\Internet\Bcb3\HttpPg.cpp
Cpp\Internet\Bcb4\HttpPg.bpr
Cpp\Internet\Bcb4\HttpPg.cpp
Cpp\Internet\Bcb5\HttpPg.bpr
Cpp\Internet\Bcb5\HttpPg.cpp
Cpp\Internet\Bcb6\HttpPg.bpr
Cpp\Internet\Bcb6\HttpPg.cpp
Cpp\Internet\HttpPg1.dfm 
Cpp\Internet\HttpPg1.cpp 
Cpp\Internet\HttpPg1.h
Cpp\Internet\Bcb1\MtSrv.cpp
Cpp\Internet\Bcb1\MtSrv.mak  
Cpp\Internet\Bcb1\MtSrv.res
Cpp\Internet\Bcb3\MtSrv.cpp
Cpp\Internet\Bcb3\MtSrv.bpr
Cpp\Internet\Bcb4\MtSrv.cpp
Cpp\Internet\Bcb4\MtSrv.bpr
Cpp\Internet\Bcb5\MtSrv.cpp
Cpp\Internet\Bcb5\MtSrv.bpr
Cpp\Internet\Bcb6\MtSrv.cpp
Cpp\Internet\Bcb6\MtSrv.bpr
Cpp\Internet\MtSrv1.cpp 
Cpp\Internet\MtSrv1.dfm 
Cpp\Internet\MtSrv1.h
Cpp\Internet\MtSrv2.cpp 
Cpp\Internet\MtSrv2.h
Cpp\Internet\Bcb1\NewsRdr.mak
Cpp\Internet\Bcb1\NewsRdr.cpp
Cpp\Internet\Bcb1\NewsRdr.res
Cpp\Internet\Bcb3\NewsRdr.bpr
Cpp\Internet\Bcb3\NewsRdr.cpp
Cpp\Internet\Bcb4\NewsRdr.bpr
Cpp\Internet\Bcb4\NewsRdr.cpp
Cpp\Internet\Bcb5\NewsRdr.bpr
Cpp\Internet\Bcb5\NewsRdr.cpp
Cpp\Internet\Bcb6\NewsRdr.bpr
Cpp\Internet\Bcb6\NewsRdr.cpp
Cpp\Internet\NewsRdr1.cpp
Cpp\Internet\NewsRdr1.h
Cpp\Internet\NewsRdr1.dfm
Cpp\Internet\Bcb1\PingTst.mak
Cpp\Internet\Bcb1\PingTst.cpp
Cpp\Internet\Bcb1\PingTst.res
Cpp\Internet\Bcb3\PingTst.bpr
Cpp\Internet\Bcb3\PingTst.cpp
Cpp\Internet\Bcb4\PingTst.bpr
Cpp\Internet\Bcb4\PingTst.cpp
Cpp\Internet\Bcb5\PingTst.bpr
Cpp\Internet\Bcb5\PingTst.cpp
Cpp\Internet\Bcb6\PingTst.bpr
Cpp\Internet\Bcb6\PingTst.cpp
Cpp\Internet\PingTst1.dfm
Cpp\Internet\PingTst1.cpp
Cpp\Internet\PingTst1.h
Cpp\Internet\Bcb1\PopTst.cpp
Cpp\Internet\Bcb1\PopTst.mak 
Cpp\Internet\Bcb3\PopTst.cpp
Cpp\Internet\Bcb3\PopTst.bpr
Cpp\Internet\Bcb4\PopTst.cpp
Cpp\Internet\Bcb4\PopTst.bpr
Cpp\Internet\PopTst1.cpp 
Cpp\Internet\PopTst1.dfm 
Cpp\Internet\PopTst1.h
Cpp\Internet\Srv5.cpp    
Cpp\Internet\Srv5.dfm
Cpp\Internet\Srv5.h 
Cpp\Internet\Bcb1\Server5.cpp
Cpp\Internet\Bcb1\Server5.mak 
Cpp\Internet\Bcb1\Server5.res
Cpp\Internet\Bcb3\Server5.cpp
Cpp\Internet\Bcb3\Server5.bpr 
Cpp\Internet\Bcb4\Server5.cpp
Cpp\Internet\Bcb4\Server5.bpr 
Cpp\Internet\Bcb5\Server5.cpp
Cpp\Internet\Bcb5\Server5.bpr 
Cpp\Internet\Bcb6\Server5.cpp
Cpp\Internet\Bcb6\Server5.bpr 
Cpp\Internet\Sender1.cpp    
Cpp\Internet\Sender1.dfm
Cpp\Internet\Sender1.h 
Cpp\Internet\Bcb1\Sender.cpp
Cpp\Internet\Bcb1\Sender.mak 
Cpp\Internet\Bcb1\Sender.res
Cpp\Internet\Bcb3\Sender.cpp
Cpp\Internet\Bcb3\Sender.bpr 
Cpp\Internet\Bcb4\Sender.cpp
Cpp\Internet\Bcb4\Sender.bpr 
Cpp\Internet\Bcb5\Sender.cpp
Cpp\Internet\Bcb5\Sender.bpr 
Cpp\Internet\Bcb6\Sender.cpp
Cpp\Internet\Bcb6\Sender.bpr 
Cpp\Internet\Recv1.cpp    
Cpp\Internet\Recv1.dfm
Cpp\Internet\Recv1.h 
Cpp\Internet\Bcb1\Recv.cpp
Cpp\Internet\Bcb1\Recv.mak 
Cpp\Internet\Bcb1\Recv.res
Cpp\Internet\Bcb3\Recv.cpp
Cpp\Internet\Bcb3\Recv.bpr 
Cpp\Internet\Bcb4\Recv.cpp
Cpp\Internet\Bcb4\Recv.bpr 
Cpp\Internet\Bcb5\Recv.cpp
Cpp\Internet\Bcb5\Recv.bpr 
Cpp\Internet\Bcb6\Recv.cpp
Cpp\Internet\Bcb6\Recv.bpr 
Cpp\Internet\Bcb3\MailRcv.cpp
Cpp\Internet\Bcb3\MailRcv.bpr
Cpp\Internet\Bcb4\MailRcv.cpp
Cpp\Internet\Bcb4\MailRcv.bpr
Cpp\Internet\Bcb5\MailRcv.cpp
Cpp\Internet\Bcb5\MailRcv.bpr
Cpp\Internet\Bcb6\MailRcv.cpp
Cpp\Internet\Bcb6\MailRcv.bpr
Cpp\Internet\MailRcv1.cpp 
Cpp\Internet\MailRcv1.dfm 
Cpp\Internet\MailRcv1.h
Cpp\Internet\MailRcv2.cpp 
Cpp\Internet\MailRcv2.dfm 
Cpp\Internet\MailRcv2.h
Cpp\Internet\Bcb1\MailSnd.cpp
Cpp\Internet\Bcb1\MailSnd.mak 
Cpp\Internet\Bcb1\MailSnd.res
Cpp\Internet\Bcb3\MailSnd.cpp
Cpp\Internet\Bcb3\MailSnd.bpr
Cpp\Internet\Bcb4\MailSnd.cpp
Cpp\Internet\Bcb4\MailSnd.bpr
Cpp\Internet\Bcb5\MailSnd.cpp
Cpp\Internet\Bcb5\MailSnd.bpr
Cpp\Internet\Bcb6\MailSnd.cpp
Cpp\Internet\Bcb6\MailSnd.bpr
Cpp\Internet\MailSnd1.cpp 
Cpp\Internet\MailSnd1.dfm 
Cpp\Internet\MailSnd1.h
Cpp\Internet\TnCli1.cpp   
Cpp\Internet\TnCli1.dfm
Cpp\Internet\TnCli1.h
Cpp\Internet\Bcb1\TnClient.cpp
Cpp\Internet\Bcb1\TnClient.mak 
Cpp\Internet\Bcb1\TnClient.res
Cpp\Internet\Bcb3\TnClient.cpp
Cpp\Internet\Bcb3\TnClient.bpr
Cpp\Internet\Bcb4\TnClient.cpp
Cpp\Internet\Bcb4\TnClient.bpr
Cpp\Internet\Bcb5\TnClient.cpp
Cpp\Internet\Bcb5\TnClient.bpr
Cpp\Internet\Bcb6\TnClient.cpp
Cpp\Internet\Bcb6\TnClient.bpr
Cpp\Internet\Bcb1\TnDemo.mak
Cpp\Internet\Bcb1\TnDemo.cpp
Cpp\Internet\Bcb1\TnDemo.res
Cpp\Internet\Bcb3\TnDemo.bpr
Cpp\Internet\Bcb3\TnDemo.cpp
Cpp\Internet\Bcb4\TnDemo.bpr
Cpp\Internet\Bcb4\TnDemo.cpp
Cpp\Internet\Bcb5\TnDemo.bpr
Cpp\Internet\Bcb5\TnDemo.cpp
Cpp\Internet\Bcb6\TnDemo.bpr
Cpp\Internet\Bcb6\TnDemo.cpp
Cpp\Internet\TnDemo1.cpp
Cpp\Internet\TnDemo1.dfm
Cpp\Internet\TnDemo1.h
Cpp\Internet\Bcb1\TnSrv.cpp
Cpp\Internet\Bcb1\TnSrv.mak  
Cpp\Internet\Bcb1\TnSrv.res
Cpp\Internet\Bcb3\TnSrv.cpp
Cpp\Internet\Bcb3\TnSrv.bpr
Cpp\Internet\Bcb4\TnSrv.cpp
Cpp\Internet\Bcb4\TnSrv.bpr
Cpp\Internet\Bcb5\TnSrv.cpp
Cpp\Internet\Bcb5\TnSrv.bpr
Cpp\Internet\Bcb6\TnSrv.cpp
Cpp\Internet\Bcb6\TnSrv.bpr
Cpp\Internet\TnSrv1.cpp 
Cpp\Internet\TnSrv1.dfm 
Cpp\Internet\TnSrv1.h
Cpp\Internet\TnSrv2.cpp 
Cpp\Internet\TnSrv2.dfm 
Cpp\Internet\TnSrv2.h
Cpp\Internet\Bcb1\TWSChat.mak
Cpp\Internet\Bcb1\TWSChat.cpp
Cpp\Internet\Bcb1\TWSChat.res
Cpp\Internet\Bcb3\TWSChat.bpr
Cpp\Internet\Bcb3\TWSChat.cpp
Cpp\Internet\Bcb4\TWSChat.bpr
Cpp\Internet\Bcb4\TWSChat.cpp
Cpp\Internet\Bcb5\TWSChat.bpr
Cpp\Internet\Bcb5\TWSChat.cpp
Cpp\Internet\Bcb6\TWSChat.bpr
Cpp\Internet\Bcb6\TWSChat.cpp
Cpp\Internet\TWSChat1.dfm
Cpp\Internet\TWSChat1.cpp
Cpp\Internet\TWSChat1.h
Cpp\Internet\Bcb1\UdpLstn.cpp
Cpp\Internet\Bcb1\UdpLstn.mak
Cpp\Internet\Bcb1\UdpLstn.res
Cpp\Internet\Bcb3\UdpLstn.cpp
Cpp\Internet\Bcb3\UdpLstn.bpr
Cpp\Internet\Bcb4\UdpLstn.cpp
Cpp\Internet\Bcb4\UdpLstn.bpr
Cpp\Internet\Bcb5\UdpLstn.cpp
Cpp\Internet\Bcb5\UdpLstn.bpr
Cpp\Internet\Bcb6\UdpLstn.cpp
Cpp\Internet\Bcb6\UdpLstn.bpr
Cpp\Internet\UdpLstn1.cpp 
Cpp\Internet\UdpLstn1.dfm 
Cpp\Internet\UdpLstn1.h   
Cpp\Internet\Bcb1\UdpSend.cpp
Cpp\Internet\Bcb1\UdpSend.mak
Cpp\Internet\Bcb1\UdpSend.res
Cpp\Internet\Bcb3\UdpSend.cpp
Cpp\Internet\Bcb3\UdpSend.bpr
Cpp\Internet\Bcb4\UdpSend.cpp
Cpp\Internet\Bcb4\UdpSend.bpr
Cpp\Internet\Bcb5\UdpSend.cpp
Cpp\Internet\Bcb5\UdpSend.bpr
Cpp\Internet\Bcb6\UdpSend.cpp
Cpp\Internet\Bcb6\UdpSend.bpr
Cpp\Internet\UdpSend1.cpp 
Cpp\Internet\UdpSend1.dfm
Cpp\Internet\UdpSend1.h
Cpp\Internet\Bcb1\SocksTst.cpp
Cpp\Internet\Bcb1\SocksTst.mak  
Cpp\Internet\Bcb1\SocksTst.res
Cpp\Internet\Bcb3\SocksTst.cpp
Cpp\Internet\Bcb3\SocksTst.bpr
Cpp\Internet\Bcb4\SocksTst.cpp
Cpp\Internet\Bcb4\SocksTst.bpr
Cpp\Internet\Bcb5\SocksTst.cpp
Cpp\Internet\Bcb5\SocksTst.bpr
Cpp\Internet\Bcb5\WebServ.bpr
Cpp\Internet\Bcb5\WebServ.cpp
Cpp\Internet\Bcb6\SocksTst.cpp
Cpp\Internet\Bcb6\SocksTst.bpr
Cpp\Internet\Bcb6\WebServ.bpr
Cpp\Internet\Bcb6\WebServ.cpp
Cpp\Internet\WebServ1.dfm
Cpp\Internet\WebServ1.cpp
Cpp\Internet\WebServ1.h
Cpp\Internet\Socks1.cpp 
Cpp\Internet\Socks1.dfm
Cpp\Internet\Socks1.h
Delphi\Vc32\IcsBcb30.bpk
Delphi\Vc32\IcsBcb30.cpp
Delphi\Vc32\IcsBcb30.res
Delphi\Vc32\IcsBcb40.bpk
Delphi\Vc32\IcsBcb40.cpp
Delphi\Vc32\IcsBcb40.res
Delphi\Vc32\IcsBcb50.bpk
Delphi\Vc32\IcsBcb50.cpp
Delphi\Vc32\IcsBcb50.res
Delphi\Vc32\IcsBcb60.bpk
Delphi\Vc32\IcsBcb60.cpp
Delphi\Vc32\IcsBcb60.res
