Delphi\DotNet\FtpTst1.pas
Delphi\DotNet\Ftptst2.pas
Delphi\DotNet\Overbyte.Ics.Component.pas
Delphi\DotNet\OverByte.Ics.ConApp.pas
Delphi\DotNet\Overbyte.Ics.FtpClient.pas
Delphi\DotNet\Overbyte.Ics.HttpClient.pas
Delphi\DotNet\OverByte.Ics.WinSock.pas
Delphi\DotNet\OverByte.Ics.WSockBuf.pas
Delphi\DotNet\OverByte.Ics.WSocket.pas
Delphi\DotNet\OverByte.Ics.WSocketServer.pas
Delphi\DotNet\FtpTst.bdsproj
Delphi\DotNet\IcsConsoleFtpClient.bdsproj
Delphi\DotNet\IcsConsoleHttpClient.bdsproj
Delphi\DotNet\IcsSocketClientConsoleDemo.bdsproj
Delphi\DotNet\IcsSocketConsoleUdpReceiver.bdsproj
Delphi\DotNet\IcsSocketConsoleUdpSender.bdsproj
Delphi\DotNet\IcsSocketServerConsoleDemo.bdsproj
Delphi\DotNet\FtpTst.dpr
Delphi\DotNet\IcsConsoleFtpClient.dpr
Delphi\DotNet\IcsConsoleHttpClient.dpr
Delphi\DotNet\IcsSocketClientConsoleDemo.dpr
Delphi\DotNet\IcsSocketConsoleUdpReceiver.dpr
Delphi\DotNet\IcsSocketConsoleUdpSender.dpr
Delphi\DotNet\IcsSocketServerConsoleDemo.dpr
Delphi\DotNet\FtpTst.res
Delphi\DotNet\FtpTst1.nfm
Delphi\DotNet\Ftptst2.nfm
Delphi\DotNet\FtpTst.cfg
Delphi\DotNet\IcsConsoleFtpClient.cfg
Delphi\DotNet\IcsConsoleHttpClient.cfg
Delphi\DotNet\IcsSocketClientConsoleDemo.cfg
Delphi\DotNet\IcsSocketConsoleUdpReceiver.cfg
Delphi\DotNet\IcsSocketConsoleUdpSender.cfg
Delphi\DotNet\IcsSocketServerConsoleDemo.cfg
Delphi\DotNet\IcsDotNet.bdsgroup
Delphi\DotNet\Install.bat
Delphi\DotNet\ZipIcsDotNet.bat
Delphi\DotNet\ReadMe.txt
