Ics.diz
ics_logo.gif
powered_by_ics.gif
ReadMe.txt
ZipIcs.bat
ZipIcsB.lst
ZipIcsD.lst
ZipIcsDotNet.lst
Delphi\Internet\BasFtp.bdsproj
Delphi\Internet\BasFtp.dpr 
Delphi\Internet\BasFtp1.dfm 
Delphi\Internet\BasFtp1.pas 
Delphi\Internet\Cli5.dfm
Delphi\Internet\Cli5.pas 
Delphi\Internet\Cli7.dfm
Delphi\Internet\Cli7.pas 
Delphi\Internet\CliDemo.bdsproj
Delphi\Internet\CliDemo.dpr
Delphi\Internet\CliDemo1.dfm
Delphi\Internet\CliDemo1.pas 
Delphi\Internet\Client5.bdsproj
Delphi\Internet\Client5.dpr 
Delphi\Internet\Client7.bdsproj
Delphi\Internet\Client7.dpr 
Delphi\Internet\Clients.dbf
Delphi\Internet\Clients.mdx 
Delphi\Internet\ConCli1.bdsproj
Delphi\Internet\ConCli1.dpr 
Delphi\Internet\ConCli2.bdsproj
Delphi\Internet\ConCli2.dpr 
Delphi\Internet\ConFtp.bdsproj
Delphi\Internet\ConFtp.dpr 
Delphi\Internet\ConHttp.bdsproj
Delphi\Internet\ConHttp.dpr 
Delphi\Internet\ConPing.bdsproj
Delphi\Internet\ConPing.dpr
Delphi\Internet\ConPop3.bdsproj
Delphi\Internet\ConPop3.dpr 
Delphi\Internet\ConSmtp.bdsproj
Delphi\Internet\ConSmtp.dpr 
Delphi\Internet\ConSrv1.bdsproj
Delphi\Internet\ConSrv1.dpr 
Delphi\Internet\ConSrv1C.pas 
Delphi\Internet\ConSrv1S.pas 
Delphi\Internet\Del40Sam.bpg
Delphi\Internet\Del50Sam.bpg
Delphi\Internet\Del60Sam.bpg
Delphi\Internet\Del70Sam.bpg
Delphi\Internet\Del90Sam.bdsgroup
Delphi\Internet\DllTst_1.dfm
Delphi\Internet\DllTst_1.pas 
Delphi\Internet\DllTst1.bdsproj
Delphi\Internet\DllTst1.dpr 
Delphi\Internet\DnsLook.bdsproj
Delphi\Internet\DnsLook.dpr 
Delphi\Internet\DnsLook1.dfm
Delphi\Internet\DnsLook1.pas 
Delphi\Internet\DynCli.bdsproj
Delphi\Internet\DynCli.dpr
Delphi\Internet\DynCli1.dfm
Delphi\Internet\DynCli1.pas
Delphi\Internet\Finger.bdsproj
Delphi\Internet\Finger.dpr
Delphi\Internet\Finger1.dfm
Delphi\Internet\Finger1.pas
Delphi\Internet\fp_small.gif
Delphi\Internet\FtpAsy.bdsproj
Delphi\Internet\FtpAsy.dpr 
Delphi\Internet\FtpAsy1.dfm 
Delphi\Internet\FtpAsy1.pas 
Delphi\Internet\FtpCli.ico
Delphi\Internet\FtpServ.bdsproj
Delphi\Internet\FtpServ.dpr 
Delphi\Internet\FtpServ1.dfm 
Delphi\Internet\FtpServ1.pas 
Delphi\Internet\FtpThrd.bdsproj
Delphi\Internet\FtpThrd.dpr 
Delphi\Internet\FtpThrd1.dfm 
Delphi\Internet\FtpThrd1.pas 
Delphi\Internet\FtpTst.bdsproj
Delphi\Internet\FtpTst.dpr 
Delphi\Internet\FtpTst1.dfm 
Delphi\Internet\FtpTst1.pas 
Delphi\Internet\FtpTst2.dfm 
Delphi\Internet\FtpTst2.pas 
Delphi\Internet\HLembke\DnsQuery.pas
Delphi\Internet\HLembke\NsLook1.dfm
Delphi\Internet\HLembke\NsLook1.pas
Delphi\Internet\HLembke\NsLookup.dpr
Delphi\Internet\HLembke\ReadMe.txt
Delphi\Internet\HttpAsp.bdsproj
Delphi\Internet\HttpAsp.dpr
Delphi\Internet\HttpAsp1.dfm
Delphi\Internet\HttpAsp1.pas
Delphi\Internet\HttpAsy.bdsproj
Delphi\Internet\HttpAsy.dpr
Delphi\Internet\HttpAsy1.dfm
Delphi\Internet\HttpAsy1.pas
Delphi\Internet\HttpChk.bdsproj
Delphi\Internet\HttpChk.dpr
Delphi\Internet\HttpChk1.dfm
Delphi\Internet\HttpChk1.pas
Delphi\Internet\HttpDmo.bdsproj
Delphi\Internet\HttpDmo.dpr
Delphi\Internet\HttpDmo1.dfm
Delphi\Internet\HttpDmo1.pas
Delphi\Internet\HttpGet.bdsproj
Delphi\Internet\HttpGet.dpr
Delphi\Internet\HttpGet1.dfm
Delphi\Internet\HttpGet1.pas
Delphi\Internet\HttpPost.bdsproj
Delphi\Internet\HttpPost.dpr
Delphi\Internet\HttpPost1.dfm
Delphi\Internet\HttpPost1.pas
Delphi\Internet\HttpPg.bdsproj
Delphi\Internet\HttpPg.dpr
Delphi\Internet\HttpPg1.dfm
Delphi\Internet\HttpPg1.pas
Delphi\Internet\HttpThr1.dfm
Delphi\Internet\HttpThr1.pas
Delphi\Internet\HttpThr2.pas
Delphi\Internet\HttpThrd.bdsproj
Delphi\Internet\HttpThrd.dpr
Delphi\Internet\HttpTst.bdsproj
Delphi\Internet\HttpTst.dpr
Delphi\Internet\HttpTst1.dfm
Delphi\Internet\HttpTst1.pas
Delphi\Internet\Ics.ico
Delphi\Internet\ics_logo.gif
Delphi\Internet\IcsDll1.bdsproj
Delphi\Internet\IcsDll1.dpr
Delphi\Internet\IcsDll2.bdsproj
Delphi\Internet\IcsDll2.dpr
Delphi\Internet\IcsIsap1.dfm
Delphi\Internet\IcsIsap1.pas
Delphi\Internet\IcsIsapi.bdsproj
Delphi\Internet\IcsIsapi.dpr
Delphi\Internet\MailHtm1.dfm
Delphi\Internet\MailHtm1.pas
Delphi\Internet\MailHtml.bdsproj
Delphi\Internet\MailHtml.dpr 
Delphi\Internet\MailRcv.bdsproj
Delphi\Internet\MailRcv.dpr 
Delphi\Internet\MailRcv1.dfm
Delphi\Internet\MailRcv1.pas
Delphi\Internet\MailRcv2.dfm
Delphi\Internet\MailRcv2.pas
Delphi\Internet\MailRob.dpr 
Delphi\Internet\MailRob1.dfm
Delphi\Internet\MailRob1.pas
Delphi\Internet\MailSnd.bdsproj
Delphi\Internet\MailSnd.dpr 
Delphi\Internet\MailSnd1.dfm
Delphi\Internet\MailSnd1.pas
Delphi\Internet\MailSndAsync.bdsproj
Delphi\Internet\MailSndAsync.dpr 
Delphi\Internet\MailSndAsync1.dfm
Delphi\Internet\MailSndAsync1.pas
Delphi\Internet\MbxSub.dpr
Delphi\Internet\MbxSub1.dfm
Delphi\Internet\MbxSub1.pas
Delphi\Internet\MD5File.bdsproj
Delphi\Internet\MD5File.dpr
Delphi\Internet\MD5Test.bdsproj
Delphi\Internet\MD5Test.dpr
Delphi\Internet\MD5Test1.dfm
Delphi\Internet\MD5Test1.pas
Delphi\Internet\MimeDemo.bdsproj
Delphi\Internet\MimeDemo.dpr 
Delphi\Internet\MimeDmo1.dfm
Delphi\Internet\MimeDmo1.pas
Delphi\Internet\MimeTst.bdsproj
Delphi\Internet\MimeTst.dpr
Delphi\Internet\MimeTst1.dfm
Delphi\Internet\MimeTst1.pas
Delphi\Internet\MtSrv.bdsproj
Delphi\Internet\MtSrv.dpr  
Delphi\Internet\MtSrv.ico
Delphi\Internet\MtSrv.res 
Delphi\Internet\MtSrv1.dfm 
Delphi\Internet\MtSrv1.pas 
Delphi\Internet\MtSrv2.pas 
Delphi\Internet\NewsHtm1.dfm
Delphi\Internet\NewsHtm1.pas
Delphi\Internet\NewsHtml.bdsproj
Delphi\Internet\NewsHtml.dpr
Delphi\Internet\NewsRdr.bdsproj
Delphi\Internet\NewsRdr.dpr
Delphi\Internet\NewsRdr1.dfm
Delphi\Internet\NewsRdr1.pas
Delphi\Internet\NsLook1.dfm
Delphi\Internet\NsLook1.pas
Delphi\Internet\NsLookup.bdsproj
Delphi\Internet\NsLookup.dpr
Delphi\Internet\PingTst.bdsproj
Delphi\Internet\PingTst.dpr
Delphi\Internet\PingTst1.dfm
Delphi\Internet\PingTst1.pas
Delphi\Internet\Pop3Mim1.dfm 
Delphi\Internet\Pop3Mim1.pas
Delphi\Internet\Pop3Mime.bdsproj
Delphi\Internet\Pop3Mime.dpr 
Delphi\Internet\PopTst.dpr 
Delphi\Internet\PopTst1.dfm 
Delphi\Internet\PopTst1.pas
Delphi\Internet\PopTst2.dfm 
Delphi\Internet\PopTst2.pas
Delphi\Internet\Recv.bdsproj
Delphi\Internet\Recv.dpr
Delphi\Internet\Recv1.dfm
Delphi\Internet\Recv1.pas
Delphi\Internet\Sender.bdsproj
Delphi\Internet\Sender.dpr
Delphi\Internet\Sender1.dfm
Delphi\Internet\Sender1.pas
Delphi\Internet\Server5.bdsproj
Delphi\Internet\Server5.dpr 
Delphi\Internet\SetFileCharCase.dpr
Delphi\Internet\SetFileCharCase.dof
Delphi\Internet\SetFileCharCase.res
Delphi\Internet\SetFileCharCase.ini
Delphi\Internet\SetFileCharCase1.pas
Delphi\Internet\SetFileCharCase1.dfm
Delphi\Internet\SetProjectOptions.dpr
Delphi\Internet\SetProjectOptions.dof
Delphi\Internet\SetProjectOptions.res
Delphi\Internet\SetProjectOptions.ini
Delphi\Internet\SetProjectOptions1.pas
Delphi\Internet\SetProjectOptions1.dfm
Delphi\Internet\ShaTest.bdsproj
Delphi\Internet\ShaTest.dpr
Delphi\Internet\ShaTest1.dfm
Delphi\Internet\ShaTest1.pas 
Delphi\Internet\Socks1.dfm
Delphi\Internet\Socks1.pas
Delphi\Internet\SocksTst.bdsproj
Delphi\Internet\SocksTst.dpr
Delphi\Internet\Srv5.dfm
Delphi\Internet\Srv5.pas 
Delphi\Internet\SrvDemo.bdsproj
Delphi\Internet\SrvDemo.dpr
Delphi\Internet\SrvDemo1.dfm
Delphi\Internet\SrvDemo1.pas 
Delphi\Internet\SrvDemo2.dfm
Delphi\Internet\SrvDemo2.pas 
Delphi\Internet\SrvTcp.bdsproj
Delphi\Internet\SrvTcp.dpr
Delphi\Internet\SrvTcp1.dfm
Delphi\Internet\SrvTcp1.pas
Delphi\Internet\SvcTcp.bdsproj
Delphi\Internet\SvcTcp.dpr
Delphi\Internet\SvcTcp1.dfm
Delphi\Internet\SvcTcp1.pas
Delphi\Internet\TcpCmd.pas
Delphi\Internet\TcpSrv.bdsproj
Delphi\Internet\TcpSrv.dpr
Delphi\Internet\TcpSrv1.dfm
Delphi\Internet\TcpSrv1.pas
Delphi\Internet\ThrdSrv.bdsproj
Delphi\Internet\ThrdSrv.dpr
Delphi\Internet\ThrdSrv1.dfm
Delphi\Internet\ThrdSrv1.pas
Delphi\Internet\TnCli1.dfm
Delphi\Internet\TnCli1.pas   
Delphi\Internet\TnClient.bdsproj
Delphi\Internet\TnClient.dpr 
Delphi\Internet\TnClient.ico
Delphi\Internet\TnDemo.bdsproj
Delphi\Internet\TnDemo.dpr 
Delphi\Internet\TnDemo1.dfm
Delphi\Internet\TnDemo1.pas   
Delphi\Internet\TnSrv.bdsproj
Delphi\Internet\TnSrv.dpr  
Delphi\Internet\TnSrv.ico 
Delphi\Internet\TnSrv1.dfm 
Delphi\Internet\TnSrv1.pas 
Delphi\Internet\TnSrv2.dfm 
Delphi\Internet\TnSrv2.pas
Delphi\Internet\TWSChat.bdsproj
Delphi\Internet\TWSChat.dpr
Delphi\Internet\TWSChat1.dfm
Delphi\Internet\TWSChat1.pas
Delphi\Internet\UdpLstn.bdsproj
Delphi\Internet\UdpLstn.dpr  
Delphi\Internet\UdpLstn1.dfm 
Delphi\Internet\UdpLstn1.pas 
Delphi\Internet\UdpSend.bdsproj
Delphi\Internet\UdpSend.dpr
Delphi\Internet\UdpSend1.dfm 
Delphi\Internet\UdpSend1.pas 
Delphi\Internet\WebServ.bdsproj
Delphi\Internet\WebServ.dpr
Delphi\Internet\WebServ1.dfm
Delphi\Internet\WebServ1.pas
Delphi\Internet\WebServData\Template\TemplateDemo.html
Delphi\Internet\WebServData\Template\FormData.html
Delphi\Internet\WebServData\wwwRoot\Index.html
Delphi\Internet\WebServData\wwwRoot\Form.html
Delphi\Internet\WebServData\wwwRoot\Styles\Styles.css
Delphi\Vc\DnsQuery.dcr
Delphi\Vc\EmulVT.dcr
Delphi\Vc\FingCli.dcr
Delphi\Vc\FtpCli.dcr  
Delphi\Vc\FtpSrv.dcr  
Delphi\Vc\HttpProt.dcr
Delphi\Vc\HttpSrv.dcr
Delphi\Vc\MbxFile.dcr
Delphi\Vc\MimeDec.dcr
Delphi\Vc\NntpCli.dcr
Delphi\Vc\Pop3Prot.dcr
Delphi\Vc\SmtpProt.dcr
Delphi\Vc\TnCnx.dcr 
Delphi\Vc\TnEmulVT.dcr
Delphi\Vc\TnScript.dcr
Delphi\Vc\Wait.dcr    
Delphi\Vc\WinSock.pas 
Delphi\Vc\WSocket.dcr 
Delphi\Vc\WSocketS.dcr
Delphi\Vc32\ConApp.pas
Delphi\Vc32\DnsQuery.dcr
Delphi\Vc32\DnsQuery.pas
Delphi\Vc32\EmulVT.dcr
Delphi\Vc32\EmulVT.pas
Delphi\Vc32\FingCli.dcr
Delphi\Vc32\FingCli.pas
Delphi\Vc32\FormPos.pas
Delphi\Vc32\FormPos.pas  
Delphi\Vc32\FtpCli.dcr  
Delphi\Vc32\FtpCli.pas  
Delphi\Vc32\FtpSrv.dcr  
Delphi\Vc32\FtpSrv.pas
Delphi\Vc32\FtpSrvc.pas
Delphi\Vc32\FtpSrvt.pas
Delphi\Vc32\HttpProt.dcr
Delphi\Vc32\HttpProt.pas
Delphi\Vc32\HttpSrv.dcr
Delphi\Vc32\HttpSrv.pas
Delphi\Vc32\Icmp.pas
Delphi\Vc32\IcsDef.inc
Delphi\Vc32\IcsDefs.inc
Delphi\Vc32\IcsDel30.dpk
Delphi\Vc32\IcsDel30.res
Delphi\Vc32\IcsDel40.dpk
Delphi\Vc32\IcsDel40.res
Delphi\Vc32\IcsDel50.dpk
Delphi\Vc32\IcsDel50.res
Delphi\Vc32\IcsDel60.dof
Delphi\Vc32\IcsDel60.dpk
Delphi\Vc32\IcsDel60.res
Delphi\Vc32\IcsDel70.dof
Delphi\Vc32\IcsDel70.dpk
Delphi\Vc32\IcsDel70.res
Delphi\Vc32\IcsDel90.bdsproj
Delphi\Vc32\IcsDel90.cfg
Delphi\Vc32\IcsDel90.dpk
Delphi\Vc32\IcsDel90.res
Delphi\Vc32\IcsDES.pas
Delphi\Vc32\IcsIpHlp.pas
Delphi\Vc32\IcsMD4.pas
Delphi\Vc32\IcsMD5.pas
Delphi\Vc32\IcsNtlmMsgs.pas
Delphi\Vc32\IcsSha1.pas  
Delphi\Vc32\IcsUrl.pas
Delphi\Vc32\Mbxfile.dcr
Delphi\Vc32\Mbxfile.pas
Delphi\Vc32\MD5.pas
Delphi\Vc32\MimeDec.dcr
Delphi\Vc32\MimeDec.pas
Delphi\Vc32\MimeUtil.pas  
Delphi\Vc32\NntpCli.dcr
Delphi\Vc32\NntpCli.pas
Delphi\Vc32\Ping.dcr
Delphi\Vc32\Ping.pas
Delphi\Vc32\Pop3Cli.dcr
Delphi\Vc32\Pop3Cli.pas  
Delphi\Vc32\Pop3Prot.dcr
Delphi\Vc32\Pop3Prot.pas  
Delphi\Vc32\SmtpProt.dcr
Delphi\Vc32\SmtpProt.pas  
Delphi\Vc32\TnCnx.dcr 
Delphi\Vc32\TnCnx.hlp 
Delphi\Vc32\TnCnx.pas    
Delphi\Vc32\TnEmulVT.dcr
Delphi\Vc32\TnEmulVT.pas 
Delphi\Vc32\TnOptFrm.dfm 
Delphi\Vc32\TnOptFrm.pas
Delphi\Vc32\TnScript.dcr
Delphi\Vc32\TnScript.pas
Delphi\Vc32\UuEncode.pas
Delphi\Vc32\Wait.dcr    
Delphi\Vc32\Wait.pas    
Delphi\Vc32\WSockBuf.pas
Delphi\Vc32\WSocket.dcr 
Delphi\Vc32\WSocket.hlp
Delphi\Vc32\WSocket.ico
Delphi\Vc32\WSocket.pas
Delphi\Vc32\WSocketE.pas
Delphi\Vc32\WSocketS.dcr
Delphi\Vc32\WSocketS.pas
Delphi1\Dcc1.bat
Delphi1\IcsDel1.bat
Delphi2\Dcc2.bat
Delphi2\IcsDel2.bat
Delphi3\Dcc3.bat
Delphi3\IcsDel3.bat
